Plan for project "myapp", environment "dev":

  - test.application.app
    ⚠ This resource has 2 dependent resources.
      password: <sensitive>

  = test.cache.cache
      id: "cache-1"

  -/+ test.database.database  (replacement forced by: engine)
    ⚠ This resource has 1 dependent resource.
      engine: "postgres" -> "mysql"

  ~ test.loadbalancer.loadbalancer
      size: 10 [default] -> 50

  + test.network.network
      cidr: "10.0.0.0/16"

Plan: 1 to create, 1 to update, 1 to replace, 1 to destroy, 1 to forget.
