Plan for project "myapp", environment "production":

  + test.database.db
      engine: "postgres"
      network: "net-1" [variable, from base config]
      size: 100 [default, from provider default]

  ~ test.network.net
      cidr: "10.0.0.0/16" [variable, from base config] -> "10.9.0.0/16" [variable, from --var]

Plan: 1 to create, 1 to update, 0 to replace, 0 to destroy, 0 to forget.
